cargo :    Compiling meerkat_distributed v0.3.0 (C:\
Users\gimei\OneDrive\Desktop\meer\meerkatREPL2.0-cop
y)
At line:1 char:1
+ cargo build 2>&1 | Out-File -FilePath 
"build_errors.txt"
+ ~~~~~~~~~~~~~~~~
    + CategoryInfo          : NotSpecified: (   Com 
   piling me...atREPL2.0-copy):String) [], RemoteE  
  xception
    + FullyQualifiedErrorId : NativeCommandError
 
warning: unused imports: `env` and `fs`
 --> src\main.rs:4:11
  |
4 | use std::{env, fs};
  |           ^^^  ^^
  |
  = note: `#[warn(unused_imports)]` on by default

warning: unused import: `parser::meerkat`
 --> src\main.rs:6:5
  |
6 | use parser::meerkat;
  |     ^^^^^^^^^^^^^^^

warning: unused import: `lalrpop_util::ParseError`
 --> C:\Users\gimei\OneDrive\Desktop\meer\meerkatREP
L2.0-copy\target\debug\build\meerkat_distributed-f47
25c26f10f2964\out/parser/meerkat.rs:4:5
  |
4 | use lalrpop_util::ParseError;
  |     ^^^^^^^^^^^^^^^^^^^^^^^^

warning: unused import: `std::str::FromStr`
 --> C:\Users\gimei\OneDrive\Desktop\meer\meerkatREP
L2.0-copy\target\debug\build\meerkat_distributed-f47
25c26f10f2964\out/parser/meerkat.rs:6:5
  |
6 | use std::str::FromStr;
  |     ^^^^^^^^^^^^^^^^^

warning: unused import: `num::ParseIntError`
  --> src\parser\lex.rs:13:16
   |
13 | use std::{fmt, num::ParseIntError};
   |                ^^^^^^^^^^^^^^^^^^

warning: unused import: `TxnPred`
  --> src\runtime\mod.rs:28:30
   |
28 |         transaction::{TxnId, TxnPred},
   |                              ^^^^^^^

warning: unused import: `task::JoinSet`
  --> src\runtime\mod.rs:37:5
   |
37 |     task::JoinSet,
   |     ^^^^^^^^^^^^^

warning: unused imports: `DataType`, `Decl`, 
`Entry`, `Field`, `Prog`, `Record`, `ReplCmd`, and 
`Test`
 --> src\runtime\evaluator\mod.rs:2:11
  |
2 |     Assn, DataType, Decl, Entry, Expr, Field, 
Insert, Prog, Record, ReplCmd, Service, Test,
  |           ^^^^^^^^  ^^^^  ^^^^^        ^^^^^    
      ^^^^  ^^^^^^  ^^^^^^^           ^^^^

warning: unused import: `env`
 --> src\runtime\evaluator\mod.rs:6:5
  |
6 |     env,
  |     ^^^

warning: unused imports: `manager::Manager` and 
`message::Msg`
  --> src\runtime\evaluator\mod.rs:10:13
   |
10 | use super::{manager::Manager, message::Msg};
   |             ^^^^^^^^^^^^^^^^  ^^^^^^^^^^^^

warning: unused imports: `Assn`, `Record`, and 
`runtime::manager::assert`
 --> src\runtime\evaluator\eval_expr.rs:3:19
  |
3 | use crate::{ast::{Assn, BinOp, Expr, Record, 
UnOp}, runtime::manager::assert};
  |                   ^^^^               ^^^^^^     
    ^^^^^^^^^^^^^^^^^^^^^^^^

warning: unused imports: `mem` and `vec`
 --> src\runtime\evaluator\eval_expr.rs:5:55
  |
5 | use std::{collections::{HashMap, HashSet}, 
iter::zip, mem, ops::Deref, vec};
  |                                                 
      ^^^              ^^^

warning: unused import: `Val`
 --> src\runtime\evaluator\eval_expr.rs:7:24
  |
7 | use super::{Evaluator, Val};
  |                        ^^^

warning: unused import: `hash::Hash`
 --> src\runtime\evaluator\eval_stmt.rs:1:33
  |
1 | use std::{collections::HashSet, hash::Hash};
  |                                 ^^^^^^^^^^

warning: unused imports: `Entry` and `Record`
 --> src\runtime\evaluator\eval_stmt.rs:3:30
  |
3 | use crate::ast::{Assn, Decl, Entry, Expr, 
Insert, Record};
  |                              ^^^^^              
  ^^^^^^

warning: unused import: `log::info`
 --> src\runtime\evaluator\eval_stmt.rs:5:5
  |
5 | use log::info;
  |     ^^^^^^^^^

warning: unused import: `Val`
 --> src\runtime\evaluator\eval_stmt.rs:7:24
  |
7 | use super::{Evaluator, Val};
  |                        ^^^

warning: unused import: `hash::Hash`
 --> src\runtime\evaluator\utils.rs:1:44
  |
1 | use std::{collections::{HashMap, HashSet}, 
hash::Hash};
  |                                            
^^^^^^^^^^

warning: unused import: `Val`
 --> src\runtime\evaluator\utils.rs:5:24
  |
5 | use super::{Evaluator, Val};
  |                        ^^^

warning: unused import: `HashMap`
 --> src\runtime\lock.rs:2:34
  |
2 | use std::collections::{BTreeMap, HashMap};
  |                                  ^^^^^^^

warning: unused import: `Actor`
 --> src\runtime\message.rs:3:30
  |
3 | use kameo::{actor::ActorRef, Actor, Reply};
  |                              ^^^^^

warning: unused imports: `Assn`, `Field`, `Insert`, 
`Prog`, `Test`, and `TxnPred`
  --> src\runtime\message.rs:7:11
   |
7  |     ast::{Assn, Expr, Prog, Service, Test, 
Insert, Field},
   |           ^^^^        ^^^^           ^^^^  
^^^^^^  ^^^^^
...
10 |         transaction::{TxnId, TxnPred},
   |                              ^^^^^^^

warning: unused import: `var_actor::VarActor`
  --> src\runtime\message.rs:15:70
   |
15 | use super::{def_actor::DefActor, 
manager::Manager, transaction::Txn, 
var_actor::VarActor};
   |                                                
                      ^^^^^^^^^^^^^^^^^^^

warning: unused import: `futures::future::Either`
 --> src\runtime\def_actor\mod.rs:1:5
  |
1 | use futures::future::Either;
  |     ^^^^^^^^^^^^^^^^^^^^^^^

warning: unused import: `TxnPred`
 --> src\runtime\def_actor\mod.rs:9:47
  |
9 | use crate::runtime::transaction::{Txn, TxnId, 
TxnPred};
  |                                               
^^^^^^^

warning: unused imports: `HashMap` and `HashSet`
 --> src\runtime\def_actor\handler.rs:1:24
  |
1 | use std::collections::{HashMap, HashSet};
  |                        ^^^^^^^  ^^^^^^^

warning: unused import: `crate::ast::Expr`
 --> src\runtime\def_actor\handler.rs:9:5
  |
9 | use crate::ast::Expr;
  |     ^^^^^^^^^^^^^^^^

warning: unused import: 
`crate::runtime::message::CmdMsg`
  --> src\runtime\def_actor\handler.rs:10:5
   |
10 | use crate::runtime::message::CmdMsg;
   |     ^^^^^^^^^^^^^^^^^^^^^^^^^^^^^^^

warning: unused import: `lock`
  --> src\runtime\def_actor\handler.rs:11:22
   |
11 | use crate::runtime::{lock, message::Msg};
   |                      ^^^^

warning: unused imports: `BTreeMap` and `BinaryHeap`
 --> src\runtime\def_actor\state\history.rs:9:24
  |
9 | use std::collections::{BTreeMap, BinaryHeap, 
HashMap, HashSet};
  |                        ^^^^^^^^  ^^^^^^^^^^

warning: unused import: `serde::de`
 --> src\runtime\manager\action\mod.rs:5:5
  |
5 | use serde::de;
  |     ^^^^^^^^^

warning: unused import: `HashMap`
  --> src\runtime\manager\action\do_action.rs:22:19
   |
22 |     collections::{HashMap, HashSet},
   |                   ^^^^^^^

warning: unused import: `def_actor::state`
  --> src\runtime\manager\action\do_action.rs:31:9
   |
31 |         def_actor::state,
   |         ^^^^^^^^^^^^^^^^

warning: unused import: `tokio::sync::mpsc::Sender`
  --> src\runtime\manager\assert\mod.rs:22:5
   |
22 | use tokio::sync::mpsc::Sender;
   |     ^^^^^^^^^^^^^^^^^^^^^^^^^

warning: unused import: `message::CmdMsg`
  --> src\runtime\manager\assert\mod.rs:24:43
   |
24 | use crate::runtime::{def_actor::DefActor, 
message::CmdMsg, transaction::TxnId, TestId};
   |                                           
^^^^^^^^^^^^^^^

warning: unused import: `tokio::sync::mpsc::Sender`
 --> src\runtime\manager\assert\test_manager.rs:5:5
  |
5 | use tokio::sync::mpsc::Sender;
  |     ^^^^^^^^^^^^^^^^^^^^^^^^^

warning: unused import: `core::panic`
 --> src\runtime\manager\init\mod.rs:1:5
  |
1 | use core::panic;
  |     ^^^^^^^^^^^

warning: unused import: `std::cell::RefCell`
 --> src\runtime\manager\init\mod.rs:2:5
  |
2 | use std::cell::RefCell;
  |     ^^^^^^^^^^^^^^^^^^

warning: unused imports: `HashMap`, `HashSet`, and 
`VecDeque`
 --> src\runtime\manager\init\mod.rs:3:24
  |
3 | use std::collections::{HashMap, HashSet, 
VecDeque};
  |                        ^^^^^^^  ^^^^^^^  
^^^^^^^^

warning: unused import: `std::error::Error`
 --> src\runtime\manager\init\mod.rs:4:5
  |
4 | use std::error::Error;
  |     ^^^^^^^^^^^^^^^^^

warning: unused import: `std::rc::Rc`
 --> src\runtime\manager\init\mod.rs:5:5
  |
5 | use std::rc::Rc;
  |     ^^^^^^^^^^^

warning: unused import: `std::thread::current`
 --> src\runtime\manager\init\mod.rs:6:5
  |
6 | use std::thread::current;
  |     ^^^^^^^^^^^^^^^^^^^^

warning: unused imports: `Actor` and `spawn`
 --> src\runtime\manager\init\mod.rs:8:25
  |
8 | use kameo::{prelude::*, spawn, Actor};
  |                         ^^^^^  ^^^^^

warning: unused imports: `Prog`, 
`def_actor::DefActor`, `message::Msg`, and 
`var_actor::VarActor`
  --> src\runtime\manager\init\mod.rs:13:17
   |
13 |     ast::{Expr, Prog, Service, Decl},
   |                 ^^^^
14 |     runtime::{def_actor::DefActor, 
evaluator::eval_srv, message::Msg, 
var_actor::VarActor},
   |               ^^^^^^^^^^^^^^^^^^^              
         ^^^^^^^^^^^^  ^^^^^^^^^^^^^^^^^^^

warning: unused import: `crate::runtime::TestId`
  --> src\runtime\manager\init\alloc_actors.rs:10:5
   |
10 | use crate::runtime::TestId;
   |     ^^^^^^^^^^^^^^^^^^^^^^

warning: unused imports: `Decl`, `Field`, `Prog`, 
`Service`, `evaluator::eval_srv`, and 
`static_analysis::var_analysis::calc_dep_srv`
  --> src\runtime\manager\init\alloc_actors.rs:12:17
   |
12 |     ast::{Expr, Prog, Service, Decl, Field},
   |                 ^^^^  ^^^^^^^  ^^^^  ^^^^^
13 |     runtime::{def_actor::DefActor, 
evaluator::eval_srv, message::Msg, 
var_actor::VarActor},
   |                                    
^^^^^^^^^^^^^^^^^^^
14 |     
static_analysis::var_analysis::calc_dep_srv,
   |     ^^^^^^^^^^^^^^^^^^^^^^^^^^^^^^^^^^^^^^^^^^^

warning: unused import: `log::info`
 --> src\runtime\manager\glitchfree.rs:2:5
  |
2 | use log::info;
  |     ^^^^^^^^^

warning: unused import: `std::collections::HashSet`
 --> src\runtime\var_actor\mod.rs:1:5
  |
1 | use std::collections::HashSet;
  |     ^^^^^^^^^^^^^^^^^^^^^^^^^

warning: unused import: `kameo::prelude::*`
 --> src\runtime\var_actor\mod.rs:3:5
  |
3 | use kameo::prelude::*;
  |     ^^^^^^^^^^^^^^^^^

warning: unused import: `kameo::Actor`
 --> src\runtime\var_actor\mod.rs:4:5
  |
4 | use kameo::Actor;
  |     ^^^^^^^^^^^^

warning: unused import: `lock::Lock`
  --> src\runtime\var_actor\handler.rs:12:22
   |
12 | use crate::runtime::{lock::Lock, message::Msg};
   |                      ^^^^^^^^^^

warning: unused import: `Field`
 --> src\static_analysis\typecheck\tc_stmt.rs:1:54
  |
1 | use crate::ast::{Assn, DataType, Decl, Insert, 
Expr, Field};
  |                                                 
     ^^^^^

warning: unused import: `fmt::format`
 --> src\static_analysis\typecheck\utils.rs:6:5
  |
6 |     fmt::format,
  |     ^^^^^^^^^^^

warning: unused import: `DataType`
  --> src\static_analysis\typecheck\mod.rs:15:24
   |
15 | use crate::ast::{Prog, DataType, Field};
   |                        ^^^^^^^^

warning: unused import: `vec`
 --> src\static_analysis\var_analysis\dep_analysis.r
s:1:47
  |
1 | use std::{ collections::{ HashMap, HashSet }, 
vec };
  |                                               
^^^

warning: unused imports: `HashMap` and `hash::Hash`
 --> 
src\static_analysis\var_analysis\read_write.rs:2:19
  |
2 |     collections::{HashMap, HashSet},
  |                   ^^^^^^^
3 |     hash::Hash,
  |     ^^^^^^^^^^

warning: unused variable: `writes`
   --> src\runtime\mod.rs:200:76
    |
200 | ...                   
CmdMsg::TransactionCommitted { txn_id, writes } => {
    |                                               
               ^^^^^^ help: try ignoring the field: 
`writes: _`
    |
    = note: `#[warn(unused_variables)]` on by 
default

error[E0027]: pattern does not mention field `basis`
   --> src\runtime\def_actor\handler.rs:123:13
    |
123 | /             Msg::PropChange {
124 | |                 from_name,
125 | |                 val,
126 | |                 preds,
127 | |             } => {
    | |_____________^ missing field `basis`
    |
help: include the missing field in the pattern
    |
126 -                 preds,
127 -             } => {
126 +                 preds, basis } => {
    |
help: if you don't care about this missing field, 
you can explicitly ignore it
    |
126 -                 preds,
127 -             } => {
126 +                 preds, basis: _ } => {
    |
help: or always ignore missing fields here
    |
126 -                 preds,
127 -             } => {
126 +                 preds, .. } => {
    |

error[E0063]: missing field `basis` in initializer 
of `Msg`
   --> src\runtime\def_actor\handler.rs:134:31
    |
134 |                     let msg = Msg::PropChange 
{
    |                               ^^^^^^^^^^^^^^^ 
missing `basis`

error[E0063]: missing field `basis` in initializer 
of `Msg`
   --> src\runtime\def_actor\handler.rs:220:27
    |
220 |                 let msg = Msg::PropChange {
    |                           ^^^^^^^^^^^^^^^ 
missing `basis`

error[E0063]: missing field `basis` in initializer 
of `Msg`
   --> src\runtime\var_actor\handler.rs:119:34
    |
119 |                         
.publish(Msg::PropChange {
    |                                  
^^^^^^^^^^^^^^^ missing `basis`

error[E0063]: missing field `basis` in initializer 
of `Msg`
  --> src\runtime\table_actor\handler.rs:59:30
   |
59 |                     .publish(Msg::PropChange {
   |                              ^^^^^^^^^^^^^^^ 
missing `basis`

warning: unused variable: `val`
   --> src\ast\mod.rs:223:28
    |
223 |             Expr::Vector { val } => write!(f, 
"vector"),
    |                            ^^^ help: try 
ignoring the field: `val: _`

warning: unused variable: `inserts`
   --> src\ast\mod.rs:239:35
    |
239 |             Expr::Action { assns, inserts } =>
    |                                   ^^^^^^^ 
help: try ignoring the field: `inserts: _`

warning: unused variable: `table_name`
   --> src\ast\mod.rs:247:28
    |
247 |             Expr::Select { table_name, 
column_names, where_clause } => write!(f, "{}", 
where_clause),
    |                            ^^^^^^^^^^ help: 
try ignoring the field: `table_name: _`

warning: unused variable: `column_names`
   --> src\ast\mod.rs:247:40
    |
247 |             Expr::Select { table_name, 
column_names, where_clause } => write!(f, "{}", 
where_clause),
    |                                        
^^^^^^^^^^^^ help: try ignoring the field: 
`column_names: _`

warning: unused variable: `srv_name`
   --> src\ast\mod.rs:286:28
    |
286 |             Decl::Import { srv_name } => 
todo!(),
    |                            ^^^^^^^^ help: try 
ignoring the field: `srv_name: _`

warning: unused variable: `fields`
   --> src\ast\mod.rs:295:37
    |
295 |             Decl::TableDecl { name, fields } 
=> { write!(f, "table {} created", name) }
    |                                     ^^^^^^ 
help: try ignoring the field: `fields: _`

warning: variable does not need to be mutable
    --> C:\Users\gimei\OneDrive\Desktop\meer\meerkat
REPL2.0-copy\target\debug\build\meerkat_distributed-
f4725c26f10f2964\out/parser/meerkat.rs:5391:9
     |
5391 |     (_, mut cols, _): (usize, 
alloc::vec::Vec<String>, usize),
     |         ----^^^^
     |         |
     |         help: remove this `mut`
     |
     = note: `#[warn(unused_mut)]` on by default

warning: unused variable: `val`
  --> src\runtime\evaluator\eval_expr.rs:93:28
   |
93 |             Expr::Number { val } => Ok(()),
   |                            ^^^ help: try 
ignoring the field: `val: _`

warning: unused variable: `val`
  --> src\runtime\evaluator\eval_expr.rs:94:26
   |
94 |             Expr::Bool { val } => Ok(()),
   |                          ^^^ help: try 
ignoring the field: `val: _`

warning: unused variable: `val`
  --> src\runtime\evaluator\eval_expr.rs:95:27
   |
95 |             Expr::String {val} => Ok(()),
   |                           ^^^ help: try 
ignoring the field: `val: _`

warning: unused variable: `key`
   --> src\runtime\evaluator\eval_expr.rs:111:28
    |
111 |             Expr::KeyVal { key, value } => {
    |                            ^^^ help: try 
ignoring the field: `key: _`

warning: unused variable: `params`
   --> src\runtime\evaluator\eval_expr.rs:168:26
    |
168 |             Expr::Func { params, body } => {
    |                          ^^^^^^ help: try 
ignoring the field: `params: _`

warning: unused variable: `body`
   --> src\runtime\evaluator\eval_expr.rs:168:34
    |
168 |             Expr::Func { params, body } => {
    |                                  ^^^^ help: 
try ignoring the field: `body: _`

warning: unused variable: `assns`
   --> src\runtime\evaluator\eval_expr.rs:209:28
    |
209 |             Expr::Action { assns, inserts } 
=> {
    |                            ^^^^^ help: try 
ignoring the field: `assns: _`

warning: unused variable: `inserts`
   --> src\runtime\evaluator\eval_expr.rs:209:35
    |
209 |             Expr::Action { assns, inserts } 
=> {
    |                                   ^^^^^^^ 
help: try ignoring the field: `inserts: _`

warning: unused variable: `srv_name`
  --> src\runtime\evaluator\eval_stmt.rs:12:28
   |
12 |             Decl::Import { srv_name } => 
todo!(),
   |                            ^^^^^^^^ help: try 
ignoring the field: `srv_name: _`

warning: unused variable: `key`
  --> src\runtime\evaluator\eval_stmt.rs:58:43
   |
58 |                     if let Expr::KeyVal { key, 
value } = keyval {
   |                                           ^^^ 
help: try ignoring the field: `key: _`

warning: unused variable: `val`
  --> src\runtime\evaluator\utils.rs:35:28
   |
35 |             Expr::Number { val } => {}
   |                            ^^^ help: try 
ignoring the field: `val: _`

warning: unused variable: `val`
  --> src\runtime\evaluator\utils.rs:36:26
   |
36 |             Expr::Bool { val } => {}
   |                          ^^^ help: try 
ignoring the field: `val: _`

warning: unused variable: `val`
  --> src\runtime\evaluator\utils.rs:37:27
   |
37 |             Expr::String {val} => {}
   |                           ^^^ help: try 
ignoring the field: `val: _`

warning: unused variable: `key`
  --> src\runtime\evaluator\utils.rs:48:28
   |
48 |             Expr::KeyVal { key, value } => {
   |                            ^^^ help: try 
ignoring the field: `key: _`

warning: unused variable: `op`
  --> src\runtime\evaluator\utils.rs:51:26
   |
51 |             Expr::Unop { op, expr } => {
   |                          ^^ help: try ignoring 
the field: `op: _`

warning: unused variable: `op`
  --> src\runtime\evaluator\utils.rs:54:27
   |
54 |             Expr::Binop { op, expr1, expr2 } 
=> {
   |                           ^^ help: try 
ignoring the field: `op: _`

warning: unused variable: `key`
  --> src\static_analysis\typecheck\tc_expr.rs:13:28
   |
13 |             Expr::KeyVal { key, value } => 
self.infer_expr(&value),
   |                            ^^^ help: try 
ignoring the field: `key: _`

warning: unused variable: `records`
   --> 
src\static_analysis\typecheck\tc_expr.rs:227:34
    |
227 |             Expr::Table {schema, records } => 
Table(schema.to_vec()),
    |                                  ^^^^^^^ 
help: try ignoring the field: `records: _`

warning: unused variable: `srv_name`
  --> src\static_analysis\typecheck\tc_stmt.rs:10:28
   |
10 |             Decl::Import { srv_name } => 
todo!(),
   |                            ^^^^^^^^ help: try 
ignoring the field: `srv_name: _`

warning: unused variable: `schema`
  --> src\static_analysis\typecheck\utils.rs:38:25
   |
38 |             Type::Table(schema) => {
   |                         ^^^^^^ help: if this 
is intentional, prefix it with an underscore: 
`_schema`

warning: unused variable: `typ`
  --> src\static_analysis\typecheck\utils.rs:65:31
   |
65 |     fn apply_subst_typ(&self, typ: Type) {
   |                               ^^^ help: if 
this is intentional, prefix it with an underscore: 
`_typ`

warning: unused variable: `new_substs`
  --> src\static_analysis\typecheck\utils.rs:73:38
   |
73 |     fn apply_subst_typenv(&mut self, 
new_substs: Vec<(String, Type)>) {
   |                                      
^^^^^^^^^^ help: if this is intentional, prefix it 
with an underscore: `_new_substs`

warning: unused variable: `schema1`
   --> src\static_analysis\typecheck\utils.rs:129:26
    |
129 |             (Type::Table(schema1), 
Type::Table(schema2)) => {
    |                          ^^^^^^^ help: if 
this is intentional, prefix it with an underscore: 
`_schema1`

warning: unused variable: `schema2`
   --> src\static_analysis\typecheck\utils.rs:129:48
    |
129 |             (Type::Table(schema1), 
Type::Table(schema2)) => {
    |                                               
 ^^^^^^^ help: if this is intentional, prefix it 
with an underscore: `_schema2`

Some errors have detailed explanations: E0027, 
E0063.
For more information about an error, try `rustc 
--explain E0027`.
warning: `meerkat_distributed` (bin 
"meerkat_distributed") generated 88 warnings
error: could not compile `meerkat_distributed` (bin 
"meerkat_distributed") due to 5 previous errors; 88 
warnings emitted
